// Jest Snapshot v1, https://goo.gl/fbAQLP

exports[`Add Component login 1`] = `
Object {
  "asFragment": [Function],
  "baseElement": <body>
    <div>
      <div
        class="container-wrap"
      >
        <h2
          class="addHead"
        >
          Add 
           Master
        </h2>
        <form
          class="addList__form"
        >
          <div
            class="row"
          >
            <div
              class="col-md-1"
            >
              <div
                class="form-group"
              >
                <label
                  class="fw-bolder"
                  for="first"
                >
                   Name
                </label>
              </div>
            </div>
            <div
              class="col-md-5"
            >
              <div
                class="form-group"
              >
                <input
                  class="form-control  false "
                  id="roleName"
                  placeholder="Enter undefined Name"
                  type="text"
                  value=""
                />
              </div>
            </div>
          </div>
          <div
            class="row btnGroup addList__button"
          >
            <div
              class="col-md-2"
            >
              <button
                class="btn btn-primary"
                type="submit"
              >
                Submit
              </button>
            </div>
            <div
              class="col-md-3"
            >
              <button
                class="btn btn-primary btnCancel"
              >
                Cancel
              </button>
            </div>
          </div>
        </form>
      </div>
    </div>
  </body>,
  "container": <div>
    <div
      class="container-wrap"
    >
      <h2
        class="addHead"
      >
        Add 
         Master
      </h2>
      <form
        class="addList__form"
      >
        <div
          class="row"
        >
          <div
            class="col-md-1"
          >
            <div
              class="form-group"
            >
              <label
                class="fw-bolder"
                for="first"
              >
                 Name
              </label>
            </div>
          </div>
          <div
            class="col-md-5"
          >
            <div
              class="form-group"
            >
              <input
                class="form-control  false "
                id="roleName"
                placeholder="Enter undefined Name"
                type="text"
                value=""
              />
            </div>
          </div>
        </div>
        <div
          class="row btnGroup addList__button"
        >
          <div
            class="col-md-2"
          >
            <button
              class="btn btn-primary"
              type="submit"
            >
              Submit
            </button>
          </div>
          <div
            class="col-md-3"
          >
            <button
              class="btn btn-primary btnCancel"
            >
              Cancel
            </button>
          </div>
        </div>
      </form>
    </div>
  </div>,
  "debug": [Function],
  "findAllByAltText": [Function],
  "findAllByDisplayValue": [Function],
  "findAllByLabelText": [Function],
  "findAllByPlaceholderText": [Function],
  "findAllByRole": [Function],
  "findAllByTestId": [Function],
  "findAllByText": [Function],
  "findAllByTitle": [Function],
  "findByAltText": [Function],
  "findByDisplayValue": [Function],
  "findByLabelText": [Function],
  "findByPlaceholderText": [Function],
  "findByRole": [Function],
  "findByTestId": [Function],
  "findByText": [Function],
  "findByTitle": [Function],
  "getAllByAltText": [Function],
  "getAllByDisplayValue": [Function],
  "getAllByLabelText": [Function],
  "getAllByPlaceholderText": [Function],
  "getAllByRole": [Function],
  "getAllByTestId": [Function],
  "getAllByText": [Function],
  "getAllByTitle": [Function],
  "getByAltText": [Function],
  "getByDisplayValue": [Function],
  "getByLabelText": [Function],
  "getByPlaceholderText": [Function],
  "getByRole": [Function],
  "getByTestId": [Function],
  "getByText": [Function],
  "getByTitle": [Function],
  "queryAllByAltText": [Function],
  "queryAllByDisplayValue": [Function],
  "queryAllByLabelText": [Function],
  "queryAllByPlaceholderText": [Function],
  "queryAllByRole": [Function],
  "queryAllByTestId": [Function],
  "queryAllByText": [Function],
  "queryAllByTitle": [Function],
  "queryByAltText": [Function],
  "queryByDisplayValue": [Function],
  "queryByLabelText": [Function],
  "queryByPlaceholderText": [Function],
  "queryByRole": [Function],
  "queryByTestId": [Function],
  "queryByText": [Function],
  "queryByTitle": [Function],
  "rerender": [Function],
  "unmount": [Function],
}
`;
